card name,cheapest price,seller
Bloodthirsty Blade,0.15,MagicBarcelona
Pendant of Prosperity,0.2,MagicBarcelona
