card name,cheapest price,seller,found cards,not found cards,list total price
,,,7,0,1.40
Bloodthirsty Blade,0.15,MagicBarcelona,2
Pendant of Prosperity,0.2,MagicBarcelona,4
Pendant of Prosperity,0.3,inGenio,1
