card name,cheapest price,seller,found cards,not found cards,list total price
,,,2,0,0.35
Bloodthirsty Blade,0.15,MagicBarcelona,2
Pendant of Prosperity,0.2,MagicBarcelona,1
