card name,cheapest price,seller,found cards,not found cards,list total price
,,,0,3,0.00
Bloodthirsty Blade,N/A,N/A,,2
Pendant of Prosperity,N/A,N/A,,1
