card name,cheapest price,seller,found cards,not found cards,list total price
,,,1,0,0.10
Answered Prayers,0.1,MagicBarcelona,1
