card name,cheapest price,seller,found cards,not found cards,list total price
,,,0,1,0.00
Cyclone Summoner,N/A,N/A,,1
