card name,cheapest price,seller,found cards,not found cards,list total price
,,,7,2,1.40
Bloodthirsty Blade,0.15,MagicBarcelona,2
Pendant of Prosperity,0.2,MagicBarcelona,4
Pendant of Prosperity,0.3,inGenio,1
Pendant of Prosperity,N/A,N/A,,2
